2025-04-02 09:32:32 [INFO]: Request: GET /admin/v1/department/getlist
2025-04-02 09:32:32 [INFO]: Request: GET /admin/v1/role/getlist
2025-04-02 09:32:32 [INFO]: Request: GET /admin/v1/users/getlist?page=1&pageSize=10&sortBy=id&sort=asc&search=
2025-04-02 14:13:58 [INFO]: Request: GET /admin/v1/users/getlist?page=1&pageSize=10&sortBy=id&sort=asc&search=
2025-04-02 14:13:58 [INFO]: Request: GET /admin/v1/department/getlist
2025-04-02 14:13:58 [INFO]: Request: GET /admin/v1/role/getlist
2025-04-02 14:14:00 [INFO]: Request: GET /admin/v1/department/getlist
2025-04-02 14:14:00 [INFO]: Request: GET /admin/v1/role/getlist
2025-04-02 14:14:00 [INFO]: Request: GET /admin/v1/users/getlist?page=1&pageSize=10&sortBy=id&sort=asc&search=
2025-04-02 14:14:06 [INFO]: Request: GET /admin/v1/users/getlist?page=1&pageSize=10&sortBy=id&sort=asc&search=user&department_id=&role_id=
2025-04-02 14:14:36 [INFO]: Request: GET /admin/v1/users/getlist?page=1&pageSize=10&sortBy=id&sort=asc&search=user1&department_id=&role_id=
2025-04-02 14:19:30 [INFO]: Request: GET /admin/v1/department/getlist?page=1&pageSize=10
2025-04-02 14:19:32 [INFO]: Request: GET /admin/v1/department/getlist?page=2&pageSize=10
2025-04-02 14:19:34 [INFO]: Request: GET /admin/v1/department/getlist?page=3&pageSize=10
2025-04-02 14:19:36 [INFO]: Request: GET /admin/v1/department/getlist?page=4&pageSize=10
2025-04-02 14:19:37 [INFO]: Request: GET /admin/v1/department/getlist?page=5&pageSize=10
2025-04-02 14:19:37 [INFO]: Request: GET /admin/v1/department/getlist?page=6&pageSize=10
2025-04-02 14:19:38 [INFO]: Request: GET /admin/v1/department/getlist?page=7&pageSize=10
2025-04-02 14:19:42 [INFO]: Request: GET /admin/v1/department/getlist
2025-04-02 14:19:42 [INFO]: Request: GET /admin/v1/role/getlist
2025-04-02 14:19:42 [INFO]: Request: GET /admin/v1/users/getlist?page=1&pageSize=10&sortBy=id&sort=asc&search=
2025-04-02 14:19:48 [INFO]: Request: GET /admin/v1/department/getlist?page=1&pageSize=10
2025-04-02 14:19:50 [INFO]: Request: GET /admin/v1/department/getlist?page=2&pageSize=10
2025-04-02 14:19:51 [INFO]: Request: GET /admin/v1/department/getlist?page=3&pageSize=10
2025-04-02 14:19:52 [INFO]: Request: GET /admin/v1/department/getlist?page=4&pageSize=10
2025-04-02 14:19:54 [INFO]: Request: GET /admin/v1/department/getlist?page=5&pageSize=10
2025-04-02 14:19:56 [INFO]: Request: GET /admin/v1/department/getlist?page=6&pageSize=10
2025-04-02 14:19:57 [INFO]: Request: GET /admin/v1/department/getlist?page=7&pageSize=10
2025-04-02 14:20:13 [INFO]: Request: GET /admin/v1/users/getlist?page=1&pageSize=10&sortBy=id&sort=asc&search=
2025-04-02 14:20:13 [INFO]: Request: GET /admin/v1/department/getlist
2025-04-02 14:20:13 [INFO]: Request: GET /admin/v1/role/getlist
2025-04-02 14:20:15 [INFO]: Request: GET /admin/v1/users/getlist?page=1&pageSize=10&sortBy=id&sort=asc&search=
2025-04-02 14:30:24 [INFO]: Request: GET /admin/v1/department/getlist
2025-04-02 14:30:24 [INFO]: Request: GET /admin/v1/role/getlist
2025-04-02 14:30:24 [INFO]: Request: GET /admin/v1/users/getlist?page=1&pageSize=10&sortBy=id&sort=asc&search=
2025-04-02 14:30:39 [INFO]: Request: GET /admin/v1/department/getlist
2025-04-02 14:30:39 [INFO]: Request: GET /admin/v1/users/getlist?page=1&pageSize=10&sortBy=id&sort=asc&search=
2025-04-02 14:30:39 [INFO]: Request: GET /admin/v1/role/getlist
2025-04-02 14:39:24 [INFO]: Request: GET /admin/v1/department/getlist
2025-04-02 14:39:24 [INFO]: Request: GET /admin/v1/role/getlist
2025-04-02 14:39:24 [INFO]: Request: GET /admin/v1/users/getlist?page=1&pageSize=10&sortBy=id&sort=asc&search=
2025-04-02 14:55:09 [INFO]: Request: GET /admin/v1/department/getlist
2025-04-02 14:55:09 [INFO]: Request: GET /admin/v1/role/getlist
2025-04-02 14:55:09 [INFO]: Request: GET /admin/v1/users/getlist?page=1&pageSize=10&sortBy=id&sort=asc&search=
2025-04-02 14:57:51 [INFO]: Request: GET /admin/v1/users/getlist?page=1&pageSize=10&sortBy=id&sort=asc&search=
2025-04-02 15:18:03 [INFO]: Request: GET /admin/v1/department/getlist
2025-04-02 15:18:03 [INFO]: Request: GET /admin/v1/users/getlist?page=1&pageSize=10&sortBy=id&sort=asc&search=
2025-04-02 15:18:03 [INFO]: Request: GET /admin/v1/role/getlist
2025-04-02 15:18:50 [INFO]: Request: GET /admin/v1/department/getlist
2025-04-02 15:22:06 [INFO]: Request: GET /admin/v1/department/getlist?field=[%27id%27,%20%27name%27]
2025-04-02 15:22:59 [INFO]: Request: GET /admin/v1/department/getlist?field=[%27id%27,%20%27name%27]
2025-04-02 15:24:00 [INFO]: Request: GET /admin/v1/department/getlist?field=[%27id%27,%20%27name%27]
2025-04-02 15:24:21 [INFO]: Request: GET /admin/v1/department/getlist?field=[%27id%27,%20%27name%27]
2025-04-02 15:39:38 [INFO]: Request: GET /admin/v1/department/getlist?field=[%27id%27,%20%27name%27]
2025-04-02 15:43:01 [INFO]: Request: GET /admin/v1/department/getdeparts
2025-04-02 15:43:32 [INFO]: Request: GET /admin/v1/department/getdeparts
2025-04-02 15:44:47 [INFO]: Request: GET /admin/v1/department/getdeparts
2025-04-02 15:45:19 [INFO]: Request: GET /admin/v1/department/getdeparts
2025-04-02 15:46:29 [INFO]: Request: GET /admin/v1/department/getdeparts
2025-04-02 15:47:07 [INFO]: Request: GET /admin/v1/department/getdeparts
2025-04-02 15:50:05 [INFO]: Request: GET /admin/v1/department/getdeparts
2025-04-02 15:50:20 [INFO]: Request: GET /admin/v1/department/getdeparts
2025-04-02 15:51:52 [INFO]: Request: GET /admin/v1/department/getlist
2025-04-02 15:51:52 [INFO]: Request: GET /admin/v1/role/getlist
2025-04-02 15:51:52 [INFO]: Request: GET /admin/v1/department/getlist
2025-04-02 15:51:52 [INFO]: Request: GET /admin/v1/role/getlist
2025-04-02 16:03:52 [INFO]: Request: GET /admin/v1/department/getlist
2025-04-02 16:03:52 [INFO]: Request: GET /admin/v1/role/getlist
2025-04-02 16:03:53 [INFO]: Request: GET /admin/v1/department/getlist
2025-04-02 16:03:53 [INFO]: Request: GET /admin/v1/role/getlist
2025-04-02 16:03:57 [INFO]: Request: GET /admin/v1/users/getlist?page=1&pageSize=10&sortBy=id&sort=asc&search=
2025-04-02 16:04:02 [INFO]: Request: GET /admin/v1/department/getdeparts?page=1&pageSize=10&sortBy=id&sort=asc&search=
2025-04-02 16:04:24 [INFO]: Request: GET /admin/v1/department/getdeparts?page=1&pageSize=10&sortBy=id&sort=asc&search=
