2025-04-01 10:29:51 [INFO]: Request: GET /admin/v1/department/getlist
2025-04-01 10:29:51 [INFO]: Request: GET /admin/v1/users/getlist?page=1&pageSize=10&sortBy=id&sort=asc&search=
2025-04-01 10:29:51 [INFO]: Request: GET /admin/v1/role/getlist
2025-04-01 10:56:23 [INFO]: Request: POST /admin/v1/auth/login
2025-04-01 10:56:24 [INFO]: Request: GET /admin/v1/department/getlist
2025-04-01 10:56:24 [INFO]: Request: GET /admin/v1/role/getlist
2025-04-01 10:56:24 [INFO]: Request: GET /admin/v1/users/getlist?page=1&pageSize=10&sortBy=id&sort=asc&search=
2025-04-01 10:57:49 [INFO]: Request: GET /admin/v1/department/getlist
2025-04-01 10:57:49 [INFO]: Request: GET /admin/v1/users/getlist?page=1&pageSize=10&sortBy=id&sort=asc&search=
2025-04-01 10:57:49 [INFO]: Request: GET /admin/v1/role/getlist
2025-04-01 11:14:40 [INFO]: Request: GET /admin/v1/department/getlist
2025-04-01 11:14:40 [INFO]: Request: GET /admin/v1/users/getlist?page=1&pageSize=10&sortBy=id&sort=asc&search=
2025-04-01 11:14:40 [INFO]: Request: GET /admin/v1/role/getlist
2025-04-01 11:22:31 [INFO]: Request: GET /admin/v1/users/getlist?page=1&pageSize=10&sortBy=id&sort=asc&search=
2025-04-01 11:22:31 [INFO]: Request: GET /admin/v1/department/getlist
2025-04-01 11:22:31 [INFO]: Request: GET /admin/v1/role/getlist
2025-04-01 11:24:45 [INFO]: Request: GET /admin/v1/department/getlist
2025-04-01 11:24:45 [INFO]: Request: GET /admin/v1/role/getlist
2025-04-01 11:24:45 [INFO]: Request: GET /admin/v1/users/getlist?page=1&pageSize=10&sortBy=id&sort=asc&search=
2025-04-01 11:26:08 [INFO]: Request: GET /admin/v1/department/getlist
2025-04-01 11:26:08 [INFO]: Request: GET /admin/v1/role/getlist
2025-04-01 11:26:08 [INFO]: Request: GET /admin/v1/users/getlist?page=1&pageSize=10&sortBy=id&sort=asc&search=
2025-04-01 11:26:21 [INFO]: Request: GET /admin/v1/users/getlist?page=1&pageSize=10&sortBy=id&sort=asc&search=
2025-04-01 11:26:21 [INFO]: Request: GET /admin/v1/department/getlist
2025-04-01 11:26:21 [INFO]: Request: GET /admin/v1/role/getlist
2025-04-01 11:26:41 [INFO]: Request: GET /admin/v1/department/getlist
2025-04-01 11:26:41 [INFO]: Request: GET /admin/v1/role/getlist
2025-04-01 11:26:41 [INFO]: Request: GET /admin/v1/users/getlist?page=1&pageSize=10&sortBy=id&sort=asc&search=
2025-04-01 11:28:44 [INFO]: Request: GET /admin/v1/department/getlist
2025-04-01 11:28:44 [INFO]: Request: GET /admin/v1/role/getlist
2025-04-01 11:28:44 [INFO]: Request: GET /admin/v1/users/getlist?page=1&pageSize=10&sortBy=id&sort=asc&search=
2025-04-01 11:30:09 [INFO]: Request: GET /admin/v1/department/getlist
2025-04-01 11:30:09 [INFO]: Request: GET /admin/v1/role/getlist
2025-04-01 11:30:09 [INFO]: Request: GET /admin/v1/users/getlist?page=1&pageSize=10&sortBy=id&sort=asc&search=
2025-04-01 11:30:16 [INFO]: Request: GET /admin/v1/department/getlist
2025-04-01 11:30:16 [INFO]: Request: GET /admin/v1/department/getlist
2025-04-01 11:30:16 [INFO]: Request: GET /admin/v1/department/getlist
2025-04-01 11:30:18 [INFO]: Request: GET /admin/v1/department/getlist
2025-04-01 11:30:19 [INFO]: Request: GET /admin/v1/department/getlist
2025-04-01 11:30:20 [INFO]: Request: GET /admin/v1/department/getlist
2025-04-01 11:30:27 [INFO]: Request: GET /admin/v1/department/getlist
2025-04-01 11:30:29 [INFO]: Request: GET /admin/v1/department/getlist
2025-04-01 11:30:31 [INFO]: Request: GET /admin/v1/department/getlist
2025-04-01 11:30:31 [INFO]: Request: GET /admin/v1/department/getlist
2025-04-01 11:30:31 [INFO]: Request: GET /admin/v1/department/getlist
2025-04-01 11:30:31 [INFO]: Request: GET /admin/v1/department/getlist
2025-04-01 11:30:34 [INFO]: Request: GET /admin/v1/department/getlist
2025-04-01 11:31:11 [INFO]: Request: GET /admin/v1/department/getlist
2025-04-01 11:31:11 [INFO]: Request: GET /admin/v1/role/getlist
2025-04-01 11:31:11 [INFO]: Request: GET /admin/v1/users/getlist?page=1&pageSize=10&sortBy=id&sort=asc&search=
2025-04-01 11:31:15 [INFO]: Request: GET /admin/v1/users/getlist?page=1&pageSize=10&sortBy=id&sort=asc&search=
2025-04-01 11:31:22 [INFO]: Request: GET /admin/v1/users/getlist?page=1&pageSize=10&sortBy=id&sort=asc&search=
2025-04-01 11:31:31 [INFO]: Request: GET /admin/v1/department/getlist
2025-04-01 11:31:31 [INFO]: Request: GET /admin/v1/role/getlist
2025-04-01 11:31:31 [INFO]: Request: GET /admin/v1/users/getlist?page=1&pageSize=10&sortBy=id&sort=asc&search=
2025-04-01 11:35:01 [INFO]: Request: GET /admin/v1/users/getlist?page=1&pageSize=10&sortBy=id&sort=asc&search=
2025-04-01 11:35:11 [INFO]: Request: GET /admin/v1/department/getlist
2025-04-01 11:36:09 [INFO]: Request: GET /admin/v1/department/getlist
2025-04-01 11:39:12 [INFO]: Request: GET /admin/v1/department/getlist
2025-04-01 11:39:13 [INFO]: Request: GET /admin/v1/role/getlist
2025-04-01 11:39:13 [INFO]: Request: GET /admin/v1/users/getlist?page=1&pageSize=10&sortBy=id&sort=asc&search=
2025-04-01 11:40:31 [INFO]: Request: GET /admin/v1/department/getlist
2025-04-01 11:40:34 [INFO]: Request: GET /admin/v1/department/getlist
2025-04-01 11:40:37 [INFO]: Request: GET /admin/v1/department/getlist
2025-04-01 11:40:41 [INFO]: Request: GET /admin/v1/department/getlist
2025-04-01 11:41:31 [INFO]: Request: GET /admin/v1/department/getlist
2025-04-01 11:44:11 [INFO]: Request: GET /admin/v1/department/getlist?page=5&pageSize=10
2025-04-01 11:44:13 [INFO]: Request: GET /admin/v1/department/getlist?page=6&pageSize=10
2025-04-01 11:44:15 [INFO]: Request: GET /admin/v1/department/getlist?page=7&pageSize=10
2025-04-01 11:44:15 [INFO]: Request: GET /admin/v1/department/getlist?page=8&pageSize=10
2025-04-01 11:44:15 [INFO]: Request: GET /admin/v1/department/getlist?page=9&pageSize=10
2025-04-01 11:44:15 [INFO]: Request: GET /admin/v1/department/getlist?page=9&pageSize=10
2025-04-01 11:44:15 [INFO]: Request: GET /admin/v1/department/getlist?page=10&pageSize=10
2025-04-01 11:44:15 [INFO]: Request: GET /admin/v1/department/getlist?page=11&pageSize=10
2025-04-01 11:44:32 [INFO]: Request: GET /admin/v1/department/getlist?page=12&pageSize=10
2025-04-01 11:44:32 [INFO]: Request: GET /admin/v1/department/getlist?page=13&pageSize=10
2025-04-01 11:44:33 [INFO]: Request: GET /admin/v1/department/getlist?page=14&pageSize=10
2025-04-01 11:44:33 [INFO]: Request: GET /admin/v1/department/getlist?page=15&pageSize=10
2025-04-01 11:44:33 [INFO]: Request: GET /admin/v1/department/getlist?page=15&pageSize=10
2025-04-01 13:02:21 [INFO]: Request: GET /admin/v1/users/getlist?page=1&pageSize=10&sortBy=id&sort=asc&search=
2025-04-01 13:02:21 [INFO]: Request: GET /admin/v1/department/getlist
2025-04-01 13:02:21 [INFO]: Request: GET /admin/v1/role/getlist
2025-04-01 13:33:53 [INFO]: Request: GET /admin/v1/users/getlist?page=1&pageSize=10&sortBy=id&sort=asc&search=
2025-04-01 13:33:54 [INFO]: Request: GET /admin/v1/department/getlist
2025-04-01 13:33:54 [INFO]: Request: GET /admin/v1/role/getlist
2025-04-01 13:33:58 [INFO]: Request: GET /admin/v1/department/getlist
2025-04-01 13:33:58 [INFO]: Request: GET /admin/v1/role/getlist
2025-04-01 13:33:58 [INFO]: Request: GET /admin/v1/users/getlist?page=1&pageSize=10&sortBy=id&sort=asc&search=
2025-04-01 13:34:43 [INFO]: Request: GET /admin/v1/department/getlist?page=0&pageSize=10
2025-04-01 13:35:19 [INFO]: Request: GET /admin/v1/department/getlist?page=1&pageSize=10
2025-04-01 13:35:22 [INFO]: Request: GET /admin/v1/department/getlist?page=2&pageSize=10
2025-04-01 13:35:24 [INFO]: Request: GET /admin/v1/department/getlist?page=3&pageSize=10
2025-04-01 13:35:27 [INFO]: Request: GET /admin/v1/department/getlist?page=4&pageSize=10
2025-04-01 13:35:28 [INFO]: Request: GET /admin/v1/department/getlist?page=5&pageSize=10
2025-04-01 13:35:30 [INFO]: Request: GET /admin/v1/department/getlist?page=6&pageSize=10
2025-04-01 13:38:06 [INFO]: Request: GET /admin/v1/department/getlist?page=7&pageSize=10
2025-04-01 13:38:06 [INFO]: Request: GET /admin/v1/department/getlist?page=8&pageSize=10
2025-04-01 13:38:12 [INFO]: Request: GET /admin/v1/department/getlist?page=9&pageSize=10
2025-04-01 13:38:12 [INFO]: Request: GET /admin/v1/department/getlist?page=10&pageSize=10
2025-04-01 13:38:12 [INFO]: Request: GET /admin/v1/department/getlist?page=11&pageSize=10
2025-04-01 13:38:17 [INFO]: Request: GET /admin/v1/department/getlist?page=12&pageSize=10
2025-04-01 13:38:17 [INFO]: Request: GET /admin/v1/department/getlist?page=13&pageSize=10
2025-04-01 13:38:17 [INFO]: Request: GET /admin/v1/department/getlist?page=14&pageSize=10
2025-04-01 13:38:30 [INFO]: Request: GET /admin/v1/department/getlist?page=15&pageSize=10
2025-04-01 13:38:30 [INFO]: Request: GET /admin/v1/department/getlist?page=16&pageSize=10
2025-04-01 13:38:30 [INFO]: Request: GET /admin/v1/department/getlist?page=16&pageSize=10
2025-04-01 13:38:30 [INFO]: Request: GET /admin/v1/department/getlist?page=17&pageSize=10
2025-04-01 13:38:30 [INFO]: Request: GET /admin/v1/department/getlist?page=18&pageSize=10
2025-04-01 13:38:30 [INFO]: Request: GET /admin/v1/department/getlist?page=19&pageSize=10
2025-04-01 13:38:33 [INFO]: Request: GET /admin/v1/department/getlist?page=20&pageSize=10
2025-04-01 13:38:33 [INFO]: Request: GET /admin/v1/department/getlist?page=21&pageSize=10
2025-04-01 13:42:36 [INFO]: Request: GET /admin/v1/department/getlist?page=1&pageSize=10
2025-04-01 13:43:15 [INFO]: Request: GET /admin/v1/role/getlist
2025-04-01 13:43:15 [INFO]: Request: GET /admin/v1/department/getlist
2025-04-01 13:43:15 [INFO]: Request: GET /admin/v1/users/getlist?page=1&pageSize=10&sortBy=id&sort=asc&search=
2025-04-01 13:43:19 [INFO]: Request: GET /admin/v1/department/getlist?page=1&pageSize=10
2025-04-01 13:44:12 [INFO]: Request: GET /admin/v1/department/getlist
2025-04-01 13:44:12 [INFO]: Request: GET /admin/v1/role/getlist
2025-04-01 13:44:12 [INFO]: Request: GET /admin/v1/users/getlist?page=1&pageSize=10&sortBy=id&sort=asc&search=
2025-04-01 13:44:18 [INFO]: Request: GET /admin/v1/department/getlist?page=1&pageSize=10
2025-04-01 13:44:19 [INFO]: Request: GET /admin/v1/department/getlist?page=2&pageSize=10
2025-04-01 13:44:20 [INFO]: Request: GET /admin/v1/department/getlist?page=3&pageSize=10
2025-04-01 13:44:21 [INFO]: Request: GET /admin/v1/department/getlist?page=4&pageSize=10
2025-04-01 13:44:22 [INFO]: Request: GET /admin/v1/department/getlist?page=5&pageSize=10
2025-04-01 13:44:23 [INFO]: Request: GET /admin/v1/department/getlist?page=6&pageSize=10
2025-04-01 13:44:24 [INFO]: Request: GET /admin/v1/department/getlist?page=7&pageSize=10
2025-04-01 13:44:51 [INFO]: Request: GET /admin/v1/users/getlist?page=1&pageSize=10&sortBy=id&sort=asc&search=&department_id=103&role_id=
2025-04-01 13:54:34 [INFO]: Request: GET /admin/v1/department/getlist
2025-04-01 13:54:34 [INFO]: Request: GET /admin/v1/role/getlist
2025-04-01 13:54:34 [INFO]: Request: GET /admin/v1/users/getlist?page=1&pageSize=10&sortBy=id&sort=asc&search=
2025-04-01 14:50:55 [INFO]: Request: GET /admin/v1/users/11000
2025-04-01 14:51:06 [INFO]: Request: GET /admin/v1/department/getlist
2025-04-01 14:51:06 [INFO]: Request: GET /admin/v1/role/getlist
2025-04-01 14:51:06 [INFO]: Request: GET /admin/v1/users/getlist?page=1&pageSize=10&sortBy=id&sort=asc&search=
2025-04-01 14:51:22 [INFO]: Request: GET /admin/v1/department/getlist
2025-04-01 14:51:22 [INFO]: Request: GET /admin/v1/role/getlist
2025-04-01 14:51:22 [INFO]: Request: GET /admin/v1/users/getlist?page=1&pageSize=10&sortBy=id&sort=asc&search=
2025-04-01 14:51:36 [INFO]: Request: GET /admin/v1/users/11000
2025-04-01 14:53:12 [INFO]: Request: GET /admin/v1/users/11000
2025-04-01 14:54:46 [INFO]: Request: GET /admin/v1/users/11000
2025-04-01 14:59:50 [INFO]: Request: GET /admin/v1/users/11000
2025-04-01 15:11:55 [INFO]: Request: GET /admin/v1/users/11000
2025-04-01 16:05:05 [INFO]: Request: GET /admin/v1/users/11000
