2025-03-19 08:59:52 [INFO]: Request: GET /admin/v1/department/getlist
2025-03-19 08:59:52 [INFO]: Request: GET /admin/v1/users/getlist?page=1&pageSize=10&sortBy=id&sort=asc&search=
2025-03-19 08:59:52 [INFO]: Request: GET /admin/v1/role/getlist
2025-03-19 09:00:02 [INFO]: Request: GET /admin/v1/role/getlist
2025-03-19 09:00:02 [INFO]: Request: GET /admin/v1/department/getlist
2025-03-19 09:00:02 [INFO]: Request: GET /admin/v1/users/getlist?page=1&pageSize=10&sortBy=id&sort=asc&search=
2025-03-19 09:00:18 [INFO]: Request: GET /admin/v1/department/getlist
2025-03-19 09:00:18 [INFO]: Request: GET /admin/v1/users/getlist?page=1&pageSize=10&sortBy=id&sort=asc&search=
2025-03-19 09:00:18 [INFO]: Request: GET /admin/v1/role/getlist
2025-03-19 09:00:29 [INFO]: Request: GET /admin/v1/department/getlist
2025-03-19 09:00:29 [INFO]: Request: GET /admin/v1/role/getlist
2025-03-19 09:00:29 [INFO]: Request: GET /admin/v1/users/getlist?page=1&pageSize=10&sortBy=id&sort=asc&search=
2025-03-19 09:00:40 [INFO]: Request: GET /admin/v1/department/getlist
2025-03-19 09:00:40 [INFO]: Request: GET /admin/v1/role/getlist
2025-03-19 09:00:40 [INFO]: Request: GET /admin/v1/users/getlist?page=1&pageSize=10&sortBy=id&sort=asc&search=
2025-03-19 09:00:52 [INFO]: Request: GET /admin/v1/department/getlist
2025-03-19 09:00:52 [INFO]: Request: GET /admin/v1/role/getlist
2025-03-19 09:00:52 [INFO]: Request: GET /admin/v1/users/getlist?page=1&pageSize=10&sortBy=id&sort=asc&search=
2025-03-19 09:00:57 [INFO]: Request: GET /admin/v1/department/getlist
2025-03-19 09:00:57 [INFO]: Request: GET /admin/v1/users/getlist?page=1&pageSize=10&sortBy=id&sort=asc&search=
2025-03-19 09:00:57 [INFO]: Request: GET /admin/v1/role/getlist
2025-03-19 09:01:08 [INFO]: Request: GET /admin/v1/department/getlist
2025-03-19 09:01:08 [INFO]: Request: GET /admin/v1/role/getlist
2025-03-19 09:01:08 [INFO]: Request: GET /admin/v1/users/getlist?page=1&pageSize=10&sortBy=id&sort=asc&search=
2025-03-19 09:01:20 [INFO]: Request: GET /admin/v1/department/getlist
2025-03-19 09:01:20 [INFO]: Request: GET /admin/v1/role/getlist
2025-03-19 09:01:20 [INFO]: Request: GET /admin/v1/users/getlist?page=1&pageSize=10&sortBy=id&sort=asc&search=
2025-03-19 09:01:50 [INFO]: Request: GET /admin/v1/department/getlist
2025-03-19 09:03:33 [INFO]: Request: GET /admin/v1/department/getlist
2025-03-19 09:04:28 [INFO]: Request: GET /admin/v1/users/getlist?page=1&pageSize=10&sortBy=id&sort=asc&search=
2025-03-19 09:04:28 [INFO]: Request: GET /admin/v1/department/getlist
2025-03-19 09:04:28 [INFO]: Request: GET /admin/v1/role/getlist
2025-03-19 09:04:50 [INFO]: Request: POST /admin/v1/users/create
2025-03-19 09:04:50 [INFO]: Request: GET /admin/v1/users/getlist?page=1&pageSize=10&sortBy=id&sort=asc&search=
2025-03-19 09:05:39 [INFO]: Request: POST /admin/v1/users/create
2025-03-19 09:05:44 [INFO]: Request: POST /admin/v1/users/create
2025-03-19 09:06:03 [INFO]: Request: POST /admin/v1/users/create
2025-03-19 09:06:08 [INFO]: Request: POST /admin/v1/users/create
2025-03-19 09:07:52 [INFO]: Request: POST /admin/v1/users/create
2025-03-19 09:07:54 [INFO]: Request: POST /admin/v1/users/create
2025-03-19 10:24:49 [INFO]: Request: POST /admin/v1/users/create
2025-03-19 10:24:49 [WARN]: error validator
2025-03-19 10:27:19 [INFO]: Request: POST /admin/v1/users/create
2025-03-19 10:27:19 [WARN]: error validator
2025-03-19 10:28:05 [INFO]: Request: POST /admin/v1/users/create
2025-03-19 10:28:05 [WARN]: error validator
2025-03-19 10:28:34 [INFO]: Request: POST /admin/v1/users/create
2025-03-19 10:28:34 [WARN]: error validator
2025-03-19 10:30:45 [INFO]: Request: POST /admin/v1/users/create
2025-03-19 10:30:45 [WARN]: error validator
2025-03-19 11:16:29 [INFO]: Request: GET /admin/v1/users/getlist?page=1&pageSize=10&sortBy=id&sort=asc&search=
2025-03-19 11:16:29 [INFO]: Request: GET /admin/v1/role/getlist
2025-03-19 11:16:29 [INFO]: Request: GET /admin/v1/department/getlist
2025-03-19 11:17:18 [INFO]: Request: GET /admin/v1/users/1
2025-03-19 11:17:48 [INFO]: Request: GET /admin/v1/users/1
2025-03-19 11:31:11 [INFO]: Request: GET /admin/v1/users/1
2025-03-19 11:31:16 [INFO]: Request: GET /admin/v1/users/1
2025-03-19 11:31:25 [INFO]: Request: POST /admin/v1/users/create
2025-03-19 11:32:39 [INFO]: Request: GET /admin/v1/users/1
2025-03-19 11:33:14 [INFO]: Request: GET /admin/v1/users/1
2025-03-19 11:35:05 [INFO]: Request: GET /admin/v1/users/1
2025-03-19 11:35:58 [INFO]: Request: GET /admin/v1/users/1
2025-03-19 11:36:12 [INFO]: Request: GET /admin/v1/users/1
2025-03-19 11:37:05 [INFO]: Request: GET /admin/v1/users/1
2025-03-19 11:37:17 [INFO]: Request: GET /admin/v1/users/1
2025-03-19 13:00:53 [INFO]: Request: GET /admin/v1/users/getlist?page=1&pageSize=10&sortBy=id&sort=asc&search=
2025-03-19 13:00:53 [INFO]: Request: GET /admin/v1/department/getlist
2025-03-19 13:00:53 [INFO]: Request: GET /admin/v1/role/getlist
2025-03-19 16:09:27 [INFO]: Request: POST /admin/v1/send-nodemmailer
2025-03-19 16:10:18 [INFO]: Request: GET /admin/v1/users/getlist?page=1&pageSize=10&sortBy=id&sort=asc&search=
2025-03-19 16:10:18 [INFO]: Request: GET /admin/v1/department/getlist
2025-03-19 16:10:18 [INFO]: Request: GET /admin/v1/role/getlist
2025-03-19 16:10:19 [INFO]: Request: GET /admin/v1/users/getlist?page=1&pageSize=10&sortBy=id&sort=asc&search=
2025-03-19 16:10:19 [INFO]: Request: GET /admin/v1/department/getlist
2025-03-19 16:10:19 [INFO]: Request: GET /admin/v1/role/getlist
2025-03-19 16:10:21 [INFO]: Request: GET /admin/v1/users/getlist?page=1&pageSize=10&sortBy=id&sort=asc&search=
2025-03-19 16:10:22 [INFO]: Request: GET /admin/v1/department/getlist
2025-03-19 16:10:22 [INFO]: Request: GET /admin/v1/role/getlist
2025-03-19 16:10:25 [INFO]: Request: GET /admin/v1/users/getlist?page=1&pageSize=10&sortBy=id&sort=asc&search=
2025-03-19 16:10:26 [INFO]: Request: GET /admin/v1/department/getlist
2025-03-19 16:10:26 [INFO]: Request: GET /admin/v1/role/getlist
2025-03-19 16:10:43 [INFO]: Request: GET /admin/v1/role/getlist
2025-03-19 16:10:43 [INFO]: Request: GET /admin/v1/department/getlist
2025-03-19 16:10:43 [INFO]: Request: GET /admin/v1/users/getlist?page=1&pageSize=10&sortBy=id&sort=asc&search=
2025-03-19 16:10:44 [INFO]: Request: GET /admin/v1/department/getlist
2025-03-19 16:10:44 [INFO]: Request: GET /admin/v1/role/getlist
2025-03-19 16:10:44 [INFO]: Request: GET /admin/v1/users/getlist?page=1&pageSize=10&sortBy=id&sort=asc&search=
2025-03-19 16:10:46 [INFO]: Request: GET /admin/v1/department/getlist
2025-03-19 16:10:46 [INFO]: Request: GET /admin/v1/role/getlist
2025-03-19 16:10:46 [INFO]: Request: GET /admin/v1/users/getlist?page=1&pageSize=10&sortBy=id&sort=asc&search=
2025-03-19 16:10:50 [INFO]: Request: GET /admin/v1/department/getlist
2025-03-19 16:10:50 [INFO]: Request: GET /admin/v1/role/getlist
2025-03-19 16:10:50 [INFO]: Request: GET /admin/v1/users/getlist?page=1&pageSize=10&sortBy=id&sort=asc&search=
2025-03-19 16:15:33 [INFO]: Request: GET /admin/v1/department/getlist
2025-03-19 16:15:33 [INFO]: Request: GET /admin/v1/role/getlist
2025-03-19 16:15:33 [INFO]: Request: GET /admin/v1/users/getlist?page=1&pageSize=10&sortBy=id&sort=asc&search=
2025-03-19 16:15:34 [INFO]: Request: GET /admin/v1/department/getlist
2025-03-19 16:15:34 [INFO]: Request: GET /admin/v1/role/getlist
2025-03-19 16:15:34 [INFO]: Request: GET /admin/v1/users/getlist?page=1&pageSize=10&sortBy=id&sort=asc&search=
2025-03-19 16:15:55 [INFO]: Request: POST /admin/v1/auth/login
2025-03-19 16:15:56 [INFO]: Request: GET /admin/v1/role/getlist
2025-03-19 16:15:56 [INFO]: Request: GET /admin/v1/department/getlist
2025-03-19 16:15:56 [INFO]: Request: GET /admin/v1/users/getlist?page=1&pageSize=10&sortBy=id&sort=asc&search=
2025-03-19 16:16:36 [INFO]: Request: GET /admin/v1/department/getlist
2025-03-19 16:16:36 [INFO]: Request: GET /admin/v1/role/getlist
2025-03-19 16:16:36 [INFO]: Request: GET /admin/v1/users/getlist?page=1&pageSize=10&sortBy=id&sort=asc&search=
2025-03-19 16:17:24 [INFO]: Request: POST /admin/v1/send-nodemmailer
2025-03-19 16:17:41 [INFO]: Request: POST /admin/v1/send-nodemmailer
2025-03-19 16:18:35 [INFO]: Request: POST /admin/v1/send-node-mailer
2025-03-19 16:19:02 [INFO]: Request: POST /admin/v1/user/send-node-mailer
2025-03-19 16:20:58 [INFO]: Request: POST /admin/v1/user/send-node-mailer
2025-03-19 16:21:51 [INFO]: Request: POST /admin/v1/user/send-node-mailer
2025-03-19 16:22:14 [INFO]: Request: POST /admin/v1/users/send-node-mailer
2025-03-19 16:26:30 [INFO]: Request: POST /admin/v1/users/send-node-mailer
2025-03-19 16:27:26 [INFO]: Request: POST /admin/v1/users/send-node-mailer
2025-03-19 16:28:16 [INFO]: Request: POST /admin/v1/users/send-node-mailer
2025-03-19 16:28:30 [INFO]: Request: POST /admin/v1/users/send-node-mailer
2025-03-19 16:30:20 [INFO]: Request: POST /admin/v1/users/send-node-mailer
2025-03-19 16:31:03 [INFO]: Request: POST /admin/v1/users/send-node-mailer
2025-03-19 16:31:58 [INFO]: Request: POST /admin/v1/users/send-node-mailer
2025-03-19 17:25:09 [INFO]: Request: POST /admin/v1/users/send-node-mailer
2025-03-19 17:26:47 [INFO]: Request: POST /admin/v1/users/send-node-mailer
2025-03-19 17:27:21 [INFO]: Request: POST /admin/v1/users/send-node-mailer
2025-03-19 17:28:16 [INFO]: Request: POST /admin/v1/users/send-list-node-mailer
2025-03-19 17:30:19 [INFO]: Request: POST /admin/v1/users/send-list-node-mailer
2025-03-19 17:30:43 [INFO]: Request: POST /admin/v1/users/send-list-node-mailer
2025-03-19 17:31:11 [INFO]: Request: POST /admin/v1/users/send-list-node-mailer
2025-03-19 17:31:45 [INFO]: Request: POST /admin/v1/users/send-list-node-mailer
2025-03-19 17:34:07 [INFO]: Request: POST /admin/v1/users/send-list-node-mailer
